------------------------------------------------------------
TimeQuest Timing Analyzer Summary
------------------------------------------------------------

Type  : Slow 1200mV 85C Model Setup 'clk'
Slack : -27.378
TNS   : -1142.086

Type  : Slow 1200mV 85C Model Setup 'debounce:de3|steady'
Slack : -1.391
TNS   : -5.360

Type  : Slow 1200mV 85C Model Setup 'debounce:de2|steady'
Slack : -1.192
TNS   : -4.649

Type  : Slow 1200mV 85C Model Setup 'debounce:de1|steady'
Slack : -1.191
TNS   : -4.643

Type  : Slow 1200mV 85C Model Hold 'clk'
Slack : 0.290
TNS   : 0.000

Type  : Slow 1200mV 85C Model Hold 'debounce:de1|steady'
Slack : 0.468
TNS   : 0.000

Type  : Slow 1200mV 85C Model Hold 'debounce:de3|steady'
Slack : 0.468
TNS   : 0.000

Type  : Slow 1200mV 85C Model Hold 'debounce:de2|steady'
Slack : 0.469
TNS   : 0.000

Type  : Slow 1200mV 85C Model Minimum Pulse Width 'clk'
Slack : -3.000
TNS   : -279.582

Type  : Slow 1200mV 85C Model Minimum Pulse Width 'debounce:de1|steady'
Slack : -1.487
TNS   : -8.922

Type  : Slow 1200mV 85C Model Minimum Pulse Width 'debounce:de2|steady'
Slack : -1.487
TNS   : -8.922

Type  : Slow 1200mV 85C Model Minimum Pulse Width 'debounce:de3|steady'
Slack : -1.487
TNS   : -8.922

Type  : Slow 1200mV 0C Model Setup 'clk'
Slack : -24.921
TNS   : -1042.458

Type  : Slow 1200mV 0C Model Setup 'debounce:de3|steady'
Slack : -1.195
TNS   : -4.511

Type  : Slow 1200mV 0C Model Setup 'debounce:de1|steady'
Slack : -0.962
TNS   : -3.702

Type  : Slow 1200mV 0C Model Setup 'debounce:de2|steady'
Slack : -0.961
TNS   : -3.706

Type  : Slow 1200mV 0C Model Hold 'clk'
Slack : 0.303
TNS   : 0.000

Type  : Slow 1200mV 0C Model Hold 'debounce:de1|steady'
Slack : 0.421
TNS   : 0.000

Type  : Slow 1200mV 0C Model Hold 'debounce:de2|steady'
Slack : 0.421
TNS   : 0.000

Type  : Slow 1200mV 0C Model Hold 'debounce:de3|steady'
Slack : 0.421
TNS   : 0.000

Type  : Slow 1200mV 0C Model Minimum Pulse Width 'clk'
Slack : -3.000
TNS   : -279.582

Type  : Slow 1200mV 0C Model Minimum Pulse Width 'debounce:de1|steady'
Slack : -1.487
TNS   : -8.922

Type  : Slow 1200mV 0C Model Minimum Pulse Width 'debounce:de2|steady'
Slack : -1.487
TNS   : -8.922

Type  : Slow 1200mV 0C Model Minimum Pulse Width 'debounce:de3|steady'
Slack : -1.487
TNS   : -8.922

Type  : Fast 1200mV 0C Model Setup 'clk'
Slack : -11.403
TNS   : -390.266

Type  : Fast 1200mV 0C Model Setup 'debounce:de3|steady'
Slack : 0.011
TNS   : 0.000

Type  : Fast 1200mV 0C Model Setup 'debounce:de2|steady'
Slack : 0.045
TNS   : 0.000

Type  : Fast 1200mV 0C Model Setup 'debounce:de1|steady'
Slack : 0.046
TNS   : 0.000

Type  : Fast 1200mV 0C Model Hold 'clk'
Slack : -0.141
TNS   : -0.230

Type  : Fast 1200mV 0C Model Hold 'debounce:de2|steady'
Slack : 0.192
TNS   : 0.000

Type  : Fast 1200mV 0C Model Hold 'debounce:de1|steady'
Slack : 0.193
TNS   : 0.000

Type  : Fast 1200mV 0C Model Hold 'debounce:de3|steady'
Slack : 0.193
TNS   : 0.000

Type  : Fast 1200mV 0C Model Minimum Pulse Width 'clk'
Slack : -3.000
TNS   : -199.865

Type  : Fast 1200mV 0C Model Minimum Pulse Width 'debounce:de1|steady'
Slack : -1.000
TNS   : -6.000

Type  : Fast 1200mV 0C Model Minimum Pulse Width 'debounce:de2|steady'
Slack : -1.000
TNS   : -6.000

Type  : Fast 1200mV 0C Model Minimum Pulse Width 'debounce:de3|steady'
Slack : -1.000
TNS   : -6.000

------------------------------------------------------------
