Analysis & Synthesis report for EDA2_SellMachine
Thu Dec 16 19:30:50 2021
Quartus II 64-Bit Version 13.0.0 Build 156 04/24/2013 SJ Full Version


---------------------
; Table of Contents ;
---------------------
  1. Legal Notice
  2. Analysis & Synthesis Summary
  3. Analysis & Synthesis Settings
  4. Parallel Compilation
  5. Analysis & Synthesis Source Files Read
  6. Analysis & Synthesis Resource Usage Summary
  7. Analysis & Synthesis Resource Utilization by Entity
  8. State Machine - |sell_machine_2|cur_state
  9. Registers Removed During Synthesis
 10. General Register Statistics
 11. Inverted Register Statistics
 12. Multiplexer Restructuring Statistics (Restructuring Performed)
 13. Parameter Settings for User Entity Instance: Top-level Entity: |sell_machine_2
 14. Parameter Settings for User Entity Instance: debounce:de1
 15. Parameter Settings for User Entity Instance: debounce:de2
 16. Parameter Settings for User Entity Instance: debounce:de3
 17. Parameter Settings for Inferred Entity Instance: lpm_mult:Mult1
 18. Parameter Settings for Inferred Entity Instance: select_seg:s1|lpm_divide:Div0
 19. Parameter Settings for Inferred Entity Instance: select_seg:s1|lpm_divide:Mod0
 20. Parameter Settings for Inferred Entity Instance: select_seg:s1|lpm_divide:Div1
 21. Parameter Settings for Inferred Entity Instance: lpm_mult:Mult0
 22. Parameter Settings for Inferred Entity Instance: select_seg:s1|lpm_divide:Mod2
 23. Parameter Settings for Inferred Entity Instance: select_seg:s1|lpm_divide:Mod1
 24. lpm_mult Parameter Settings by Entity Instance
 25. Elapsed Time Per Partition
 26. Analysis & Synthesis Messages



----------------
; Legal Notice ;
----------------
Copyright (C) 1991-2013 Altera Corporation
Your use of Altera Corporation's design tools, logic functions 
and other software and tools, and its AMPP partner logic 
functions, and any output files from any of the foregoing 
(including device programming or simulation files), and any 
associated documentation or information are expressly subject 
to the terms and conditions of the Altera Program License 
Subscription Agreement, Altera MegaCore Function License 
Agreement, or other applicable license agreement, including, 
without limitation, that your use is for the sole purpose of 
programming logic devices manufactured by Altera and sold by 
Altera or its authorized distributors.  Please refer to the 
applicable agreement for further details.



+----------------------------------------------------------------------------------+
; Analysis & Synthesis Summary                                                     ;
+------------------------------------+---------------------------------------------+
; Analysis & Synthesis Status        ; Successful - Thu Dec 16 19:30:50 2021       ;
; Quartus II 64-Bit Version          ; 13.0.0 Build 156 04/24/2013 SJ Full Version ;
; Revision Name                      ; EDA2_SellMachine                            ;
; Top-level Entity Name              ; sell_machine_2                              ;
; Family                             ; Cyclone III                                 ;
; Total logic elements               ; 728                                         ;
;     Total combinational functions  ; 720                                         ;
;     Dedicated logic registers      ; 204                                         ;
; Total registers                    ; 204                                         ;
; Total pins                         ; 21                                          ;
; Total virtual pins                 ; 0                                           ;
; Total memory bits                  ; 0                                           ;
; Embedded Multiplier 9-bit elements ; 0                                           ;
; Total PLLs                         ; 0                                           ;
+------------------------------------+---------------------------------------------+


+----------------------------------------------------------------------------------------------------------------------+
; Analysis & Synthesis Settings                                                                                        ;
+----------------------------------------------------------------------------+--------------------+--------------------+
; Option                                                                     ; Setting            ; Default Value      ;
+----------------------------------------------------------------------------+--------------------+--------------------+
; Device                                                                     ; EP3C16Q240C8       ;                    ;
; Top-level entity name                                                      ; sell_machine_2     ; EDA2_SellMachine   ;
; Family name                                                                ; Cyclone III        ; Cyclone IV GX      ;
; Use smart compilation                                                      ; Off                ; Off                ;
; Enable parallel Assembler and TimeQuest Timing Analyzer during compilation ; On                 ; On                 ;
; Enable compact report table                                                ; Off                ; Off                ;
; Restructure Multiplexers                                                   ; Auto               ; Auto               ;
; Create Debugging Nodes for IP Cores                                        ; Off                ; Off                ;
; Preserve fewer node names                                                  ; On                 ; On                 ;
; Disable OpenCore Plus hardware evaluation                                  ; Off                ; Off                ;
; Verilog Version                                                            ; Verilog_2001       ; Verilog_2001       ;
; VHDL Version                                                               ; VHDL_1993          ; VHDL_1993          ;
; State Machine Processing                                                   ; Auto               ; Auto               ;
; Safe State Machine                                                         ; Off                ; Off                ;
; Extract Verilog State Machines                                             ; On                 ; On                 ;
; Extract VHDL State Machines                                                ; On                 ; On                 ;
; Ignore Verilog initial constructs                                          ; Off                ; Off                ;
; Iteration limit for constant Verilog loops                                 ; 5000               ; 5000               ;
; Iteration limit for non-constant Verilog loops                             ; 250                ; 250                ;
; Add Pass-Through Logic to Inferred RAMs                                    ; On                 ; On                 ;
; Infer RAMs from Raw Logic                                                  ; On                 ; On                 ;
; Parallel Synthesis                                                         ; On                 ; On                 ;
; DSP Block Balancing                                                        ; Auto               ; Auto               ;
; NOT Gate Push-Back                                                         ; On                 ; On                 ;
; Power-Up Don't Care                                                        ; On                 ; On                 ;
; Remove Redundant Logic Cells                                               ; Off                ; Off                ;
; Remove Duplicate Registers                                                 ; On                 ; On                 ;
; Ignore CARRY Buffers                                                       ; Off                ; Off                ;
; Ignore CASCADE Buffers                                                     ; Off                ; Off                ;
; Ignore GLOBAL Buffers                                                      ; Off                ; Off                ;
; Ignore ROW GLOBAL Buffers                                                  ; Off                ; Off                ;
; Ignore LCELL Buffers                                                       ; Off                ; Off                ;
; Ignore SOFT Buffers                                                        ; On                 ; On                 ;
; Limit AHDL Integers to 32 Bits                                             ; Off                ; Off                ;
; Optimization Technique                                                     ; Balanced           ; Balanced           ;
; Carry Chain Length                                                         ; 70                 ; 70                 ;
; Auto Carry Chains                                                          ; On                 ; On                 ;
; Auto Open-Drain Pins                                                       ; On                 ; On                 ;
; Perform WYSIWYG Primitive Resynthesis                                      ; Off                ; Off                ;
; Auto ROM Replacement                                                       ; On                 ; On                 ;
; Auto RAM Replacement                                                       ; On                 ; On                 ;
; Auto DSP Block Replacement                                                 ; On                 ; On                 ;
; Auto Shift Register Replacement                                            ; Auto               ; Auto               ;
; Allow Shift Register Merging across Hierarchies                            ; Auto               ; Auto               ;
; Auto Clock Enable Replacement                                              ; On                 ; On                 ;
; Strict RAM Replacement                                                     ; Off                ; Off                ;
; Allow Synchronous Control Signals                                          ; On                 ; On                 ;
; Force Use of Synchronous Clear Signals                                     ; Off                ; Off                ;
; Auto RAM Block Balancing                                                   ; On                 ; On                 ;
; Auto RAM to Logic Cell Conversion                                          ; Off                ; Off                ;
; Auto Resource Sharing                                                      ; Off                ; Off                ;
; Allow Any RAM Size For Recognition                                         ; Off                ; Off                ;
; Allow Any ROM Size For Recognition                                         ; Off                ; Off                ;
; Allow Any Shift Register Size For Recognition                              ; Off                ; Off                ;
; Use LogicLock Constraints during Resource Balancing                        ; On                 ; On                 ;
; Ignore translate_off and synthesis_off directives                          ; Off                ; Off                ;
; Timing-Driven Synthesis                                                    ; On                 ; On                 ;
; Report Parameter Settings                                                  ; On                 ; On                 ;
; Report Source Assignments                                                  ; On                 ; On                 ;
; Report Connectivity Checks                                                 ; On                 ; On                 ;
; Ignore Maximum Fan-Out Assignments                                         ; Off                ; Off                ;
; Synchronization Register Chain Length                                      ; 2                  ; 2                  ;
; PowerPlay Power Optimization                                               ; Normal compilation ; Normal compilation ;
; HDL message level                                                          ; Level2             ; Level2             ;
; Suppress Register Optimization Related Messages                            ; Off                ; Off                ;
; Number of Removed Registers Reported in Synthesis Report                   ; 5000               ; 5000               ;
; Number of Swept Nodes Reported in Synthesis Report                         ; 5000               ; 5000               ;
; Number of Inverted Registers Reported in Synthesis Report                  ; 100                ; 100                ;
; Clock MUX Protection                                                       ; On                 ; On                 ;
; Auto Gated Clock Conversion                                                ; Off                ; Off                ;
; Block Design Naming                                                        ; Auto               ; Auto               ;
; SDC constraint protection                                                  ; Off                ; Off                ;
; Synthesis Effort                                                           ; Auto               ; Auto               ;
; Shift Register Replacement - Allow Asynchronous Clear Signal               ; On                 ; On                 ;
; Pre-Mapping Resynthesis Optimization                                       ; Off                ; Off                ;
; Analysis & Synthesis Message Level                                         ; Medium             ; Medium             ;
; Disable Register Merging Across Hierarchies                                ; Auto               ; Auto               ;
; Resource Aware Inference For Block RAM                                     ; On                 ; On                 ;
; Synthesis Seed                                                             ; 1                  ; 1                  ;
+----------------------------------------------------------------------------+--------------------+--------------------+


+------------------------------------------+
; Parallel Compilation                     ;
+----------------------------+-------------+
; Processors                 ; Number      ;
+----------------------------+-------------+
; Number detected on machine ; 12          ;
; Maximum allowed            ; 6           ;
;                            ;             ;
; Average used               ; 1.00        ;
; Maximum used               ; 5           ;
;                            ;             ;
; Usage by Processor         ; % Time Used ;
;     Processor 1            ; 100.0%      ;
;     Processors 2-5         ; < 0.1%      ;
;     Processors 6-12        ;   0.0%      ;
+----------------------------+-------------+


+----------------------------------------------------------------------------------------------------------------------------------------------------------------------+
; Analysis & Synthesis Source Files Read                                                                                                                               ;
+----------------------------------+-----------------+------------------------------+------------------------------------------------------------------------+---------+
; File Name with User-Entered Path ; Used in Netlist ; File Type                    ; File Name with Absolute Path                                           ; Library ;
+----------------------------------+-----------------+------------------------------+------------------------------------------------------------------------+---------+
; sell_machine_2.v                 ; yes             ; User Verilog HDL File        ; F:/Quartus/shudianshiyan/EDA2/sell_machine_2.v                         ;         ;
; select_seg.v                     ; yes             ; User Verilog HDL File        ; F:/Quartus/shudianshiyan/EDA2/select_seg.v                             ;         ;
; debounce.v                       ; yes             ; User Verilog HDL File        ; F:/Quartus/shudianshiyan/EDA2/debounce.v                               ;         ;
; lpm_mult.tdf                     ; yes             ; Megafunction                 ; c:/altera/13.0/quartus/libraries/megafunctions/lpm_mult.tdf            ;         ;
; aglobal130.inc                   ; yes             ; Megafunction                 ; c:/altera/13.0/quartus/libraries/megafunctions/aglobal130.inc          ;         ;
; lpm_add_sub.inc                  ; yes             ; Megafunction                 ; c:/altera/13.0/quartus/libraries/megafunctions/lpm_add_sub.inc         ;         ;
; multcore.inc                     ; yes             ; Megafunction                 ; c:/altera/13.0/quartus/libraries/megafunctions/multcore.inc            ;         ;
; bypassff.inc                     ; yes             ; Megafunction                 ; c:/altera/13.0/quartus/libraries/megafunctions/bypassff.inc            ;         ;
; altshift.inc                     ; yes             ; Megafunction                 ; c:/altera/13.0/quartus/libraries/megafunctions/altshift.inc            ;         ;
; multcore.tdf                     ; yes             ; Megafunction                 ; c:/altera/13.0/quartus/libraries/megafunctions/multcore.tdf            ;         ;
; csa_add.inc                      ; yes             ; Megafunction                 ; c:/altera/13.0/quartus/libraries/megafunctions/csa_add.inc             ;         ;
; mpar_add.inc                     ; yes             ; Megafunction                 ; c:/altera/13.0/quartus/libraries/megafunctions/mpar_add.inc            ;         ;
; muleabz.inc                      ; yes             ; Megafunction                 ; c:/altera/13.0/quartus/libraries/megafunctions/muleabz.inc             ;         ;
; mul_lfrg.inc                     ; yes             ; Megafunction                 ; c:/altera/13.0/quartus/libraries/megafunctions/mul_lfrg.inc            ;         ;
; mul_boothc.inc                   ; yes             ; Megafunction                 ; c:/altera/13.0/quartus/libraries/megafunctions/mul_boothc.inc          ;         ;
; alt_ded_mult.inc                 ; yes             ; Megafunction                 ; c:/altera/13.0/quartus/libraries/megafunctions/alt_ded_mult.inc        ;         ;
; alt_ded_mult_y.inc               ; yes             ; Megafunction                 ; c:/altera/13.0/quartus/libraries/megafunctions/alt_ded_mult_y.inc      ;         ;
; dffpipe.inc                      ; yes             ; Megafunction                 ; c:/altera/13.0/quartus/libraries/megafunctions/dffpipe.inc             ;         ;
; mpar_add.tdf                     ; yes             ; Megafunction                 ; c:/altera/13.0/quartus/libraries/megafunctions/mpar_add.tdf            ;         ;
; lpm_add_sub.tdf                  ; yes             ; Megafunction                 ; c:/altera/13.0/quartus/libraries/megafunctions/lpm_add_sub.tdf         ;         ;
; addcore.inc                      ; yes             ; Megafunction                 ; c:/altera/13.0/quartus/libraries/megafunctions/addcore.inc             ;         ;
; look_add.inc                     ; yes             ; Megafunction                 ; c:/altera/13.0/quartus/libraries/megafunctions/look_add.inc            ;         ;
; alt_stratix_add_sub.inc          ; yes             ; Megafunction                 ; c:/altera/13.0/quartus/libraries/megafunctions/alt_stratix_add_sub.inc ;         ;
; db/add_sub_2eh.tdf               ; yes             ; Auto-Generated Megafunction  ; F:/Quartus/shudianshiyan/EDA2/db/add_sub_2eh.tdf                       ;         ;
; altshift.tdf                     ; yes             ; Megafunction                 ; c:/altera/13.0/quartus/libraries/megafunctions/altshift.tdf            ;         ;
; lpm_divide.tdf                   ; yes             ; Megafunction                 ; c:/altera/13.0/quartus/libraries/megafunctions/lpm_divide.tdf          ;         ;
; abs_divider.inc                  ; yes             ; Megafunction                 ; c:/altera/13.0/quartus/libraries/megafunctions/abs_divider.inc         ;         ;
; sign_div_unsign.inc              ; yes             ; Megafunction                 ; c:/altera/13.0/quartus/libraries/megafunctions/sign_div_unsign.inc     ;         ;
; db/lpm_divide_ohm.tdf            ; yes             ; Auto-Generated Megafunction  ; F:/Quartus/shudianshiyan/EDA2/db/lpm_divide_ohm.tdf                    ;         ;
; db/sign_div_unsign_plh.tdf       ; yes             ; Auto-Generated Megafunction  ; F:/Quartus/shudianshiyan/EDA2/db/sign_div_unsign_plh.tdf               ;         ;
; db/alt_u_div_t5f.tdf             ; yes             ; Auto-Generated Megafunction  ; F:/Quartus/shudianshiyan/EDA2/db/alt_u_div_t5f.tdf                     ;         ;
; db/add_sub_unc.tdf               ; yes             ; Auto-Generated Megafunction  ; F:/Quartus/shudianshiyan/EDA2/db/add_sub_unc.tdf                       ;         ;
; db/add_sub_vnc.tdf               ; yes             ; Auto-Generated Megafunction  ; F:/Quartus/shudianshiyan/EDA2/db/add_sub_vnc.tdf                       ;         ;
; db/lpm_divide_o9m.tdf            ; yes             ; Auto-Generated Megafunction  ; F:/Quartus/shudianshiyan/EDA2/db/lpm_divide_o9m.tdf                    ;         ;
; db/sign_div_unsign_mlh.tdf       ; yes             ; Auto-Generated Megafunction  ; F:/Quartus/shudianshiyan/EDA2/db/sign_div_unsign_mlh.tdf               ;         ;
; db/alt_u_div_n5f.tdf             ; yes             ; Auto-Generated Megafunction  ; F:/Quartus/shudianshiyan/EDA2/db/alt_u_div_n5f.tdf                     ;         ;
; db/lpm_divide_lhm.tdf            ; yes             ; Auto-Generated Megafunction  ; F:/Quartus/shudianshiyan/EDA2/db/lpm_divide_lhm.tdf                    ;         ;
; db/add_sub_afh.tdf               ; yes             ; Auto-Generated Megafunction  ; F:/Quartus/shudianshiyan/EDA2/db/add_sub_afh.tdf                       ;         ;
; db/lpm_divide_r9m.tdf            ; yes             ; Auto-Generated Megafunction  ; F:/Quartus/shudianshiyan/EDA2/db/lpm_divide_r9m.tdf                    ;         ;
+----------------------------------+-----------------+------------------------------+------------------------------------------------------------------------+---------+


+---------------------------------------------------------+
; Analysis & Synthesis Resource Usage Summary             ;
+---------------------------------------------+-----------+
; Resource                                    ; Usage     ;
+---------------------------------------------+-----------+
; Estimated Total logic elements              ; 728       ;
;                                             ;           ;
; Total combinational functions               ; 720       ;
; Logic element usage by number of LUT inputs ;           ;
;     -- 4 input functions                    ; 156       ;
;     -- 3 input functions                    ; 179       ;
;     -- <=2 input functions                  ; 385       ;
;                                             ;           ;
; Logic elements by mode                      ;           ;
;     -- normal mode                          ; 391       ;
;     -- arithmetic mode                      ; 329       ;
;                                             ;           ;
; Total registers                             ; 204       ;
;     -- Dedicated logic registers            ; 204       ;
;     -- I/O registers                        ; 0         ;
;                                             ;           ;
; I/O pins                                    ; 21        ;
; Embedded Multiplier 9-bit elements          ; 0         ;
; Maximum fan-out node                        ; clk~input ;
; Maximum fan-out                             ; 186       ;
; Total fan-out                               ; 2531      ;
; Average fan-out                             ; 2.62      ;
+---------------------------------------------+-----------+


+--------------------------------------------------------------------------------------------------------------------------------------------------------------------------------------------------------------------------------------------------------------------------------------------------------+
; Analysis & Synthesis Resource Utilization by Entity                                                                                                                                                                                                                                                    ;
+---------------------------------------------+-------------------+--------------+-------------+--------------+---------+-----------+------+--------------+-------------------------------------------------------------------------------------------------------------------------------+--------------+
; Compilation Hierarchy Node                  ; LC Combinationals ; LC Registers ; Memory Bits ; DSP Elements ; DSP 9x9 ; DSP 18x18 ; Pins ; Virtual Pins ; Full Hierarchy Name                                                                                                           ; Library Name ;
+---------------------------------------------+-------------------+--------------+-------------+--------------+---------+-----------+------+--------------+-------------------------------------------------------------------------------------------------------------------------------+--------------+
; |sell_machine_2                             ; 720 (182)         ; 204 (67)     ; 0           ; 0            ; 0       ; 0         ; 21   ; 0            ; |sell_machine_2                                                                                                               ;              ;
;    |debounce:de1|                           ; 36 (36)           ; 27 (27)      ; 0           ; 0            ; 0       ; 0         ; 0    ; 0            ; |sell_machine_2|debounce:de1                                                                                                  ;              ;
;    |debounce:de2|                           ; 36 (36)           ; 27 (27)      ; 0           ; 0            ; 0       ; 0         ; 0    ; 0            ; |sell_machine_2|debounce:de2                                                                                                  ;              ;
;    |debounce:de3|                           ; 36 (36)           ; 27 (27)      ; 0           ; 0            ; 0       ; 0         ; 0    ; 0            ; |sell_machine_2|debounce:de3                                                                                                  ;              ;
;    |lpm_mult:Mult0|                         ; 14 (0)            ; 0 (0)        ; 0           ; 0            ; 0       ; 0         ; 0    ; 0            ; |sell_machine_2|lpm_mult:Mult0                                                                                                ;              ;
;       |multcore:mult_core|                  ; 14 (7)            ; 0 (0)        ; 0           ; 0            ; 0       ; 0         ; 0    ; 0            ; |sell_machine_2|lpm_mult:Mult0|multcore:mult_core                                                                             ;              ;
;          |mpar_add:padder|                  ; 7 (0)             ; 0 (0)        ; 0           ; 0            ; 0       ; 0         ; 0    ; 0            ; |sell_machine_2|lpm_mult:Mult0|multcore:mult_core|mpar_add:padder                                                             ;              ;
;             |lpm_add_sub:adder[0]|          ; 7 (0)             ; 0 (0)        ; 0           ; 0            ; 0       ; 0         ; 0    ; 0            ; |sell_machine_2|lpm_mult:Mult0|multcore:mult_core|mpar_add:padder|lpm_add_sub:adder[0]                                        ;              ;
;                |add_sub_afh:auto_generated| ; 7 (7)             ; 0 (0)        ; 0           ; 0            ; 0       ; 0         ; 0    ; 0            ; |sell_machine_2|lpm_mult:Mult0|multcore:mult_core|mpar_add:padder|lpm_add_sub:adder[0]|add_sub_afh:auto_generated             ;              ;
;    |lpm_mult:Mult1|                         ; 14 (0)            ; 0 (0)        ; 0           ; 0            ; 0       ; 0         ; 0    ; 0            ; |sell_machine_2|lpm_mult:Mult1                                                                                                ;              ;
;       |multcore:mult_core|                  ; 14 (7)            ; 0 (0)        ; 0           ; 0            ; 0       ; 0         ; 0    ; 0            ; |sell_machine_2|lpm_mult:Mult1|multcore:mult_core                                                                             ;              ;
;          |mpar_add:padder|                  ; 7 (0)             ; 0 (0)        ; 0           ; 0            ; 0       ; 0         ; 0    ; 0            ; |sell_machine_2|lpm_mult:Mult1|multcore:mult_core|mpar_add:padder                                                             ;              ;
;             |lpm_add_sub:adder[0]|          ; 7 (0)             ; 0 (0)        ; 0           ; 0            ; 0       ; 0         ; 0    ; 0            ; |sell_machine_2|lpm_mult:Mult1|multcore:mult_core|mpar_add:padder|lpm_add_sub:adder[0]                                        ;              ;
;                |add_sub_2eh:auto_generated| ; 7 (7)             ; 0 (0)        ; 0           ; 0            ; 0       ; 0         ; 0    ; 0            ; |sell_machine_2|lpm_mult:Mult1|multcore:mult_core|mpar_add:padder|lpm_add_sub:adder[0]|add_sub_2eh:auto_generated             ;              ;
;    |select_seg:s1|                          ; 402 (67)          ; 56 (56)      ; 0           ; 0            ; 0       ; 0         ; 0    ; 0            ; |sell_machine_2|select_seg:s1                                                                                                 ;              ;
;       |lpm_divide:Div0|                     ; 101 (0)           ; 0 (0)        ; 0           ; 0            ; 0       ; 0         ; 0    ; 0            ; |sell_machine_2|select_seg:s1|lpm_divide:Div0                                                                                 ;              ;
;          |lpm_divide_ohm:auto_generated|    ; 101 (0)           ; 0 (0)        ; 0           ; 0            ; 0       ; 0         ; 0    ; 0            ; |sell_machine_2|select_seg:s1|lpm_divide:Div0|lpm_divide_ohm:auto_generated                                                   ;              ;
;             |sign_div_unsign_plh:divider|   ; 101 (0)           ; 0 (0)        ; 0           ; 0            ; 0       ; 0         ; 0    ; 0            ; |sell_machine_2|select_seg:s1|lpm_divide:Div0|lpm_divide_ohm:auto_generated|sign_div_unsign_plh:divider                       ;              ;
;                |alt_u_div_t5f:divider|      ; 101 (101)         ; 0 (0)        ; 0           ; 0            ; 0       ; 0         ; 0    ; 0            ; |sell_machine_2|select_seg:s1|lpm_divide:Div0|lpm_divide_ohm:auto_generated|sign_div_unsign_plh:divider|alt_u_div_t5f:divider ;              ;
;       |lpm_divide:Div1|                     ; 39 (0)            ; 0 (0)        ; 0           ; 0            ; 0       ; 0         ; 0    ; 0            ; |sell_machine_2|select_seg:s1|lpm_divide:Div1                                                                                 ;              ;
;          |lpm_divide_lhm:auto_generated|    ; 39 (0)            ; 0 (0)        ; 0           ; 0            ; 0       ; 0         ; 0    ; 0            ; |sell_machine_2|select_seg:s1|lpm_divide:Div1|lpm_divide_lhm:auto_generated                                                   ;              ;
;             |sign_div_unsign_mlh:divider|   ; 39 (0)            ; 0 (0)        ; 0           ; 0            ; 0       ; 0         ; 0    ; 0            ; |sell_machine_2|select_seg:s1|lpm_divide:Div1|lpm_divide_lhm:auto_generated|sign_div_unsign_mlh:divider                       ;              ;
;                |alt_u_div_n5f:divider|      ; 39 (39)           ; 0 (0)        ; 0           ; 0            ; 0       ; 0         ; 0    ; 0            ; |sell_machine_2|select_seg:s1|lpm_divide:Div1|lpm_divide_lhm:auto_generated|sign_div_unsign_mlh:divider|alt_u_div_n5f:divider ;              ;
;       |lpm_divide:Mod0|                     ; 36 (0)            ; 0 (0)        ; 0           ; 0            ; 0       ; 0         ; 0    ; 0            ; |sell_machine_2|select_seg:s1|lpm_divide:Mod0                                                                                 ;              ;
;          |lpm_divide_o9m:auto_generated|    ; 36 (0)            ; 0 (0)        ; 0           ; 0            ; 0       ; 0         ; 0    ; 0            ; |sell_machine_2|select_seg:s1|lpm_divide:Mod0|lpm_divide_o9m:auto_generated                                                   ;              ;
;             |sign_div_unsign_mlh:divider|   ; 36 (0)            ; 0 (0)        ; 0           ; 0            ; 0       ; 0         ; 0    ; 0            ; |sell_machine_2|select_seg:s1|lpm_divide:Mod0|lpm_divide_o9m:auto_generated|sign_div_unsign_mlh:divider                       ;              ;
;                |alt_u_div_n5f:divider|      ; 36 (36)           ; 0 (0)        ; 0           ; 0            ; 0       ; 0         ; 0    ; 0            ; |sell_machine_2|select_seg:s1|lpm_divide:Mod0|lpm_divide_o9m:auto_generated|sign_div_unsign_mlh:divider|alt_u_div_n5f:divider ;              ;
;       |lpm_divide:Mod1|                     ; 112 (0)           ; 0 (0)        ; 0           ; 0            ; 0       ; 0         ; 0    ; 0            ; |sell_machine_2|select_seg:s1|lpm_divide:Mod1                                                                                 ;              ;
;          |lpm_divide_r9m:auto_generated|    ; 112 (0)           ; 0 (0)        ; 0           ; 0            ; 0       ; 0         ; 0    ; 0            ; |sell_machine_2|select_seg:s1|lpm_divide:Mod1|lpm_divide_r9m:auto_generated                                                   ;              ;
;             |sign_div_unsign_plh:divider|   ; 112 (0)           ; 0 (0)        ; 0           ; 0            ; 0       ; 0         ; 0    ; 0            ; |sell_machine_2|select_seg:s1|lpm_divide:Mod1|lpm_divide_r9m:auto_generated|sign_div_unsign_plh:divider                       ;              ;
;                |alt_u_div_t5f:divider|      ; 112 (112)         ; 0 (0)        ; 0           ; 0            ; 0       ; 0         ; 0    ; 0            ; |sell_machine_2|select_seg:s1|lpm_divide:Mod1|lpm_divide_r9m:auto_generated|sign_div_unsign_plh:divider|alt_u_div_t5f:divider ;              ;
;       |lpm_divide:Mod2|                     ; 47 (0)            ; 0 (0)        ; 0           ; 0            ; 0       ; 0         ; 0    ; 0            ; |sell_machine_2|select_seg:s1|lpm_divide:Mod2                                                                                 ;              ;
;          |lpm_divide_o9m:auto_generated|    ; 47 (0)            ; 0 (0)        ; 0           ; 0            ; 0       ; 0         ; 0    ; 0            ; |sell_machine_2|select_seg:s1|lpm_divide:Mod2|lpm_divide_o9m:auto_generated                                                   ;              ;
;             |sign_div_unsign_mlh:divider|   ; 47 (0)            ; 0 (0)        ; 0           ; 0            ; 0       ; 0         ; 0    ; 0            ; |sell_machine_2|select_seg:s1|lpm_divide:Mod2|lpm_divide_o9m:auto_generated|sign_div_unsign_mlh:divider                       ;              ;
;                |alt_u_div_n5f:divider|      ; 47 (47)           ; 0 (0)        ; 0           ; 0            ; 0       ; 0         ; 0    ; 0            ; |sell_machine_2|select_seg:s1|lpm_divide:Mod2|lpm_divide_o9m:auto_generated|sign_div_unsign_mlh:divider|alt_u_div_n5f:divider ;              ;
+---------------------------------------------+-------------------+--------------+-------------+--------------+---------+-----------+------+--------------+-------------------------------------------------------------------------------------------------------------------------------+--------------+
Note: For table entries with two numbers listed, the numbers in parentheses indicate the number of resources of the given type used by the specific entity alone. The numbers listed outside of parentheses indicate the total resources of the given type used by the specific entity and all of its sub-entities in the hierarchy.


Encoding Type:  One-Hot
+--------------------------------------------------------------------------------------------------------------------------------+
; State Machine - |sell_machine_2|cur_state                                                                                      ;
+------------------+------------------+-----------------+-----------------+------------------+------------------+----------------+
; Name             ; cur_state.REFUND ; cur_state.CHECK ; cur_state.ERROR ; cur_state.SHOP_2 ; cur_state.SHOP_1 ; cur_state.IDLE ;
+------------------+------------------+-----------------+-----------------+------------------+------------------+----------------+
; cur_state.IDLE   ; 0                ; 0               ; 0               ; 0                ; 0                ; 0              ;
; cur_state.SHOP_1 ; 0                ; 0               ; 0               ; 0                ; 1                ; 1              ;
; cur_state.SHOP_2 ; 0                ; 0               ; 0               ; 1                ; 0                ; 1              ;
; cur_state.ERROR  ; 0                ; 0               ; 1               ; 0                ; 0                ; 1              ;
; cur_state.CHECK  ; 0                ; 1               ; 0               ; 0                ; 0                ; 1              ;
; cur_state.REFUND ; 1                ; 0               ; 0               ; 0                ; 0                ; 1              ;
+------------------+------------------+-----------------+-----------------+------------------+------------------+----------------+


+---------------------------------------------------------------------------------+
; Registers Removed During Synthesis                                              ;
+----------------------------------------+----------------------------------------+
; Register name                          ; Reason for Removal                     ;
+----------------------------------------+----------------------------------------+
; select_seg:s1|temp1[7..11]             ; Stuck at GND due to stuck port data_in ;
; cur_state~2                            ; Lost fanout                            ;
; cur_state~3                            ; Lost fanout                            ;
; cur_state~4                            ; Lost fanout                            ;
; cur_state~5                            ; Lost fanout                            ;
; elapsed_time[2,3]                      ; Stuck at GND due to stuck port data_in ;
; Total Number of Removed Registers = 11 ;                                        ;
+----------------------------------------+----------------------------------------+


+------------------------------------------------------+
; General Register Statistics                          ;
+----------------------------------------------+-------+
; Statistic                                    ; Value ;
+----------------------------------------------+-------+
; Total registers                              ; 204   ;
; Number of registers using Synchronous Clear  ; 116   ;
; Number of registers using Synchronous Load   ; 10    ;
; Number of registers using Asynchronous Clear ; 18    ;
; Number of registers using Asynchronous Load  ; 0     ;
; Number of registers using Clock Enable       ; 86    ;
; Number of registers using Preset             ; 0     ;
+----------------------------------------------+-------+


+--------------------------------------------------+
; Inverted Register Statistics                     ;
+----------------------------------------+---------+
; Inverted Register                      ; Fan out ;
+----------------------------------------+---------+
; select_seg:s1|this_seg[0]              ; 2       ;
; select_seg:s1|this_seg[1]              ; 2       ;
; Total number of inverted registers = 2 ;         ;
+----------------------------------------+---------+


+---------------------------------------------------------------------------------------------------------------------------------------------------------+
; Multiplexer Restructuring Statistics (Restructuring Performed)                                                                                          ;
+--------------------+-----------+---------------+----------------------+------------------------+------------+-------------------------------------------+
; Multiplexer Inputs ; Bus Width ; Baseline Area ; Area if Restructured ; Saving if Restructured ; Registered ; Example Multiplexer Output                ;
+--------------------+-----------+---------------+----------------------+------------------------+------------+-------------------------------------------+
; 3:1                ; 4 bits    ; 8 LEs         ; 4 LEs                ; 4 LEs                  ; Yes        ; |sell_machine_2|elapsed_time[3]           ;
; 3:1                ; 26 bits   ; 52 LEs        ; 26 LEs               ; 26 LEs                 ; Yes        ; |sell_machine_2|slow_clk[0]               ;
; 4:1                ; 25 bits   ; 50 LEs        ; 25 LEs               ; 25 LEs                 ; Yes        ; |sell_machine_2|debounce:de1|count[11]    ;
; 4:1                ; 25 bits   ; 50 LEs        ; 25 LEs               ; 25 LEs                 ; Yes        ; |sell_machine_2|debounce:de2|count[21]    ;
; 4:1                ; 25 bits   ; 50 LEs        ; 25 LEs               ; 25 LEs                 ; Yes        ; |sell_machine_2|debounce:de3|count[11]    ;
; 16:1               ; 7 bits    ; 70 LEs        ; 42 LEs               ; 28 LEs                 ; Yes        ; |sell_machine_2|select_seg:s1|seg[5]      ;
; 4:1                ; 4 bits    ; 8 LEs         ; 8 LEs                ; 0 LEs                  ; Yes        ; |sell_machine_2|select_seg:s1|cur_data[1] ;
+--------------------+-----------+---------------+----------------------+------------------------+------------+-------------------------------------------+


+--------------------------------------------------------------------------------+
; Parameter Settings for User Entity Instance: Top-level Entity: |sell_machine_2 ;
+----------------+--------+------------------------------------------------------+
; Parameter Name ; Value  ; Type                                                 ;
+----------------+--------+------------------------------------------------------+
; IDLE           ; 0000   ; Unsigned Binary                                      ;
; SHOP_1         ; 0001   ; Unsigned Binary                                      ;
; SHOP_2         ; 0010   ; Unsigned Binary                                      ;
; SELL           ; 0011   ; Unsigned Binary                                      ;
; ERROR          ; 0100   ; Unsigned Binary                                      ;
; CHECK          ; 0101   ; Unsigned Binary                                      ;
; REFUND         ; 0110   ; Unsigned Binary                                      ;
; price1         ; 001111 ; Unsigned Binary                                      ;
; price2         ; 011001 ; Unsigned Binary                                      ;
; coin1          ; 000101 ; Unsigned Binary                                      ;
; coin2          ; 001010 ; Unsigned Binary                                      ;
; coin3          ; 110010 ; Unsigned Binary                                      ;
+----------------+--------+------------------------------------------------------+
Note: In order to hide this table in the UI and the text report file, please set the "Show Parameter Settings in Synthesis Report" option in "Analysis and Synthesis Settings -> More Settings" to "Off".


+-----------------------------------------------------------+
; Parameter Settings for User Entity Instance: debounce:de1 ;
+----------------+---------+--------------------------------+
; Parameter Name ; Value   ; Type                           ;
+----------------+---------+--------------------------------+
; limit          ; 1500000 ; Signed Integer                 ;
+----------------+---------+--------------------------------+
Note: In order to hide this table in the UI and the text report file, please set the "Show Parameter Settings in Synthesis Report" option in "Analysis and Synthesis Settings -> More Settings" to "Off".


+-----------------------------------------------------------+
; Parameter Settings for User Entity Instance: debounce:de2 ;
+----------------+---------+--------------------------------+
; Parameter Name ; Value   ; Type                           ;
+----------------+---------+--------------------------------+
; limit          ; 1500000 ; Signed Integer                 ;
+----------------+---------+--------------------------------+
Note: In order to hide this table in the UI and the text report file, please set the "Show Parameter Settings in Synthesis Report" option in "Analysis and Synthesis Settings -> More Settings" to "Off".


+-----------------------------------------------------------+
; Parameter Settings for User Entity Instance: debounce:de3 ;
+----------------+---------+--------------------------------+
; Parameter Name ; Value   ; Type                           ;
+----------------+---------+--------------------------------+
; limit          ; 1500000 ; Signed Integer                 ;
+----------------+---------+--------------------------------+
Note: In order to hide this table in the UI and the text report file, please set the "Show Parameter Settings in Synthesis Report" option in "Analysis and Synthesis Settings -> More Settings" to "Off".


+------------------------------------------------------------------------------------+
; Parameter Settings for Inferred Entity Instance: lpm_mult:Mult1                    ;
+------------------------------------------------+-------------+---------------------+
; Parameter Name                                 ; Value       ; Type                ;
+------------------------------------------------+-------------+---------------------+
; AUTO_CARRY_CHAINS                              ; ON          ; AUTO_CARRY          ;
; IGNORE_CARRY_BUFFERS                           ; OFF         ; IGNORE_CARRY        ;
; AUTO_CASCADE_CHAINS                            ; ON          ; AUTO_CASCADE        ;
; IGNORE_CASCADE_BUFFERS                         ; OFF         ; IGNORE_CASCADE      ;
; LPM_WIDTHA                                     ; 6           ; Untyped             ;
; LPM_WIDTHB                                     ; 5           ; Untyped             ;
; LPM_WIDTHP                                     ; 11          ; Untyped             ;
; LPM_WIDTHR                                     ; 11          ; Untyped             ;
; LPM_WIDTHS                                     ; 1           ; Untyped             ;
; LPM_REPRESENTATION                             ; UNSIGNED    ; Untyped             ;
; LPM_PIPELINE                                   ; 0           ; Untyped             ;
; LATENCY                                        ; 0           ; Untyped             ;
; INPUT_A_IS_CONSTANT                            ; NO          ; Untyped             ;
; INPUT_B_IS_CONSTANT                            ; YES         ; Untyped             ;
; USE_EAB                                        ; OFF         ; Untyped             ;
; MAXIMIZE_SPEED                                 ; 5           ; Untyped             ;
; DEVICE_FAMILY                                  ; Cyclone III ; Untyped             ;
; CARRY_CHAIN                                    ; MANUAL      ; Untyped             ;
; APEX20K_TECHNOLOGY_MAPPER                      ; LUT         ; TECH_MAPPER_APEX20K ;
; DEDICATED_MULTIPLIER_CIRCUITRY                 ; AUTO        ; Untyped             ;
; DEDICATED_MULTIPLIER_MIN_INPUT_WIDTH_FOR_AUTO  ; 0           ; Untyped             ;
; DEDICATED_MULTIPLIER_MIN_OUTPUT_WIDTH_FOR_AUTO ; 0           ; Untyped             ;
; CBXI_PARAMETER                                 ; NOTHING     ; Untyped             ;
; INPUT_A_FIXED_VALUE                            ; Bx          ; Untyped             ;
; INPUT_B_FIXED_VALUE                            ; Bx          ; Untyped             ;
; USE_AHDL_IMPLEMENTATION                        ; OFF         ; Untyped             ;
+------------------------------------------------+-------------+---------------------+
Note: In order to hide this table in the UI and the text report file, please set the "Show Parameter Settings in Synthesis Report" option in "Analysis and Synthesis Settings -> More Settings" to "Off".


+--------------------------------------------------------------------------------+
; Parameter Settings for Inferred Entity Instance: select_seg:s1|lpm_divide:Div0 ;
+------------------------+----------------+--------------------------------------+
; Parameter Name         ; Value          ; Type                                 ;
+------------------------+----------------+--------------------------------------+
; LPM_WIDTHN             ; 12             ; Untyped                              ;
; LPM_WIDTHD             ; 7              ; Untyped                              ;
; LPM_NREPRESENTATION    ; UNSIGNED       ; Untyped                              ;
; LPM_DREPRESENTATION    ; UNSIGNED       ; Untyped                              ;
; LPM_PIPELINE           ; 0              ; Untyped                              ;
; LPM_REMAINDERPOSITIVE  ; TRUE           ; Untyped                              ;
; MAXIMIZE_SPEED         ; 5              ; Untyped                              ;
; CBXI_PARAMETER         ; lpm_divide_ohm ; Untyped                              ;
; CARRY_CHAIN            ; MANUAL         ; Untyped                              ;
; OPTIMIZE_FOR_SPEED     ; 5              ; Untyped                              ;
; AUTO_CARRY_CHAINS      ; ON             ; AUTO_CARRY                           ;
; IGNORE_CARRY_BUFFERS   ; OFF            ; IGNORE_CARRY                         ;
; AUTO_CASCADE_CHAINS    ; ON             ; AUTO_CASCADE                         ;
; IGNORE_CASCADE_BUFFERS ; OFF            ; IGNORE_CASCADE                       ;
+------------------------+----------------+--------------------------------------+
Note: In order to hide this table in the UI and the text report file, please set the "Show Parameter Settings in Synthesis Report" option in "Analysis and Synthesis Settings -> More Settings" to "Off".


+--------------------------------------------------------------------------------+
; Parameter Settings for Inferred Entity Instance: select_seg:s1|lpm_divide:Mod0 ;
+------------------------+----------------+--------------------------------------+
; Parameter Name         ; Value          ; Type                                 ;
+------------------------+----------------+--------------------------------------+
; LPM_WIDTHN             ; 12             ; Untyped                              ;
; LPM_WIDTHD             ; 4              ; Untyped                              ;
; LPM_NREPRESENTATION    ; UNSIGNED       ; Untyped                              ;
; LPM_DREPRESENTATION    ; UNSIGNED       ; Untyped                              ;
; LPM_PIPELINE           ; 0              ; Untyped                              ;
; LPM_REMAINDERPOSITIVE  ; TRUE           ; Untyped                              ;
; MAXIMIZE_SPEED         ; 5              ; Untyped                              ;
; CBXI_PARAMETER         ; lpm_divide_o9m ; Untyped                              ;
; CARRY_CHAIN            ; MANUAL         ; Untyped                              ;
; OPTIMIZE_FOR_SPEED     ; 5              ; Untyped                              ;
; AUTO_CARRY_CHAINS      ; ON             ; AUTO_CARRY                           ;
; IGNORE_CARRY_BUFFERS   ; OFF            ; IGNORE_CARRY                         ;
; AUTO_CASCADE_CHAINS    ; ON             ; AUTO_CASCADE                         ;
; IGNORE_CASCADE_BUFFERS ; OFF            ; IGNORE_CASCADE                       ;
+------------------------+----------------+--------------------------------------+
Note: In order to hide this table in the UI and the text report file, please set the "Show Parameter Settings in Synthesis Report" option in "Analysis and Synthesis Settings -> More Settings" to "Off".


+--------------------------------------------------------------------------------+
; Parameter Settings for Inferred Entity Instance: select_seg:s1|lpm_divide:Div1 ;
+------------------------+----------------+--------------------------------------+
; Parameter Name         ; Value          ; Type                                 ;
+------------------------+----------------+--------------------------------------+
; LPM_WIDTHN             ; 12             ; Untyped                              ;
; LPM_WIDTHD             ; 4              ; Untyped                              ;
; LPM_NREPRESENTATION    ; UNSIGNED       ; Untyped                              ;
; LPM_DREPRESENTATION    ; UNSIGNED       ; Untyped                              ;
; LPM_PIPELINE           ; 0              ; Untyped                              ;
; LPM_REMAINDERPOSITIVE  ; TRUE           ; Untyped                              ;
; MAXIMIZE_SPEED         ; 5              ; Untyped                              ;
; CBXI_PARAMETER         ; lpm_divide_lhm ; Untyped                              ;
; CARRY_CHAIN            ; MANUAL         ; Untyped                              ;
; OPTIMIZE_FOR_SPEED     ; 5              ; Untyped                              ;
; AUTO_CARRY_CHAINS      ; ON             ; AUTO_CARRY                           ;
; IGNORE_CARRY_BUFFERS   ; OFF            ; IGNORE_CARRY                         ;
; AUTO_CASCADE_CHAINS    ; ON             ; AUTO_CASCADE                         ;
; IGNORE_CASCADE_BUFFERS ; OFF            ; IGNORE_CASCADE                       ;
+------------------------+----------------+--------------------------------------+
Note: In order to hide this table in the UI and the text report file, please set the "Show Parameter Settings in Synthesis Report" option in "Analysis and Synthesis Settings -> More Settings" to "Off".


+------------------------------------------------------------------------------------+
; Parameter Settings for Inferred Entity Instance: lpm_mult:Mult0                    ;
+------------------------------------------------+-------------+---------------------+
; Parameter Name                                 ; Value       ; Type                ;
+------------------------------------------------+-------------+---------------------+
; AUTO_CARRY_CHAINS                              ; ON          ; AUTO_CARRY          ;
; IGNORE_CARRY_BUFFERS                           ; OFF         ; IGNORE_CARRY        ;
; AUTO_CASCADE_CHAINS                            ; ON          ; AUTO_CASCADE        ;
; IGNORE_CASCADE_BUFFERS                         ; OFF         ; IGNORE_CASCADE      ;
; LPM_WIDTHA                                     ; 6           ; Untyped             ;
; LPM_WIDTHB                                     ; 6           ; Untyped             ;
; LPM_WIDTHP                                     ; 12          ; Untyped             ;
; LPM_WIDTHR                                     ; 12          ; Untyped             ;
; LPM_WIDTHS                                     ; 1           ; Untyped             ;
; LPM_REPRESENTATION                             ; UNSIGNED    ; Untyped             ;
; LPM_PIPELINE                                   ; 0           ; Untyped             ;
; LATENCY                                        ; 0           ; Untyped             ;
; INPUT_A_IS_CONSTANT                            ; NO          ; Untyped             ;
; INPUT_B_IS_CONSTANT                            ; YES         ; Untyped             ;
; USE_EAB                                        ; OFF         ; Untyped             ;
; MAXIMIZE_SPEED                                 ; 5           ; Untyped             ;
; DEVICE_FAMILY                                  ; Cyclone III ; Untyped             ;
; CARRY_CHAIN                                    ; MANUAL      ; Untyped             ;
; APEX20K_TECHNOLOGY_MAPPER                      ; LUT         ; TECH_MAPPER_APEX20K ;
; DEDICATED_MULTIPLIER_CIRCUITRY                 ; AUTO        ; Untyped             ;
; DEDICATED_MULTIPLIER_MIN_INPUT_WIDTH_FOR_AUTO  ; 0           ; Untyped             ;
; DEDICATED_MULTIPLIER_MIN_OUTPUT_WIDTH_FOR_AUTO ; 0           ; Untyped             ;
; CBXI_PARAMETER                                 ; NOTHING     ; Untyped             ;
; INPUT_A_FIXED_VALUE                            ; Bx          ; Untyped             ;
; INPUT_B_FIXED_VALUE                            ; Bx          ; Untyped             ;
; USE_AHDL_IMPLEMENTATION                        ; OFF         ; Untyped             ;
+------------------------------------------------+-------------+---------------------+
Note: In order to hide this table in the UI and the text report file, please set the "Show Parameter Settings in Synthesis Report" option in "Analysis and Synthesis Settings -> More Settings" to "Off".


+--------------------------------------------------------------------------------+
; Parameter Settings for Inferred Entity Instance: select_seg:s1|lpm_divide:Mod2 ;
+------------------------+----------------+--------------------------------------+
; Parameter Name         ; Value          ; Type                                 ;
+------------------------+----------------+--------------------------------------+
; LPM_WIDTHN             ; 12             ; Untyped                              ;
; LPM_WIDTHD             ; 4              ; Untyped                              ;
; LPM_NREPRESENTATION    ; UNSIGNED       ; Untyped                              ;
; LPM_DREPRESENTATION    ; UNSIGNED       ; Untyped                              ;
; LPM_PIPELINE           ; 0              ; Untyped                              ;
; LPM_REMAINDERPOSITIVE  ; TRUE           ; Untyped                              ;
; MAXIMIZE_SPEED         ; 5              ; Untyped                              ;
; CBXI_PARAMETER         ; lpm_divide_o9m ; Untyped                              ;
; CARRY_CHAIN            ; MANUAL         ; Untyped                              ;
; OPTIMIZE_FOR_SPEED     ; 5              ; Untyped                              ;
; AUTO_CARRY_CHAINS      ; ON             ; AUTO_CARRY                           ;
; IGNORE_CARRY_BUFFERS   ; OFF            ; IGNORE_CARRY                         ;
; AUTO_CASCADE_CHAINS    ; ON             ; AUTO_CASCADE                         ;
; IGNORE_CASCADE_BUFFERS ; OFF            ; IGNORE_CASCADE                       ;
+------------------------+----------------+--------------------------------------+
Note: In order to hide this table in the UI and the text report file, please set the "Show Parameter Settings in Synthesis Report" option in "Analysis and Synthesis Settings -> More Settings" to "Off".


+--------------------------------------------------------------------------------+
; Parameter Settings for Inferred Entity Instance: select_seg:s1|lpm_divide:Mod1 ;
+------------------------+----------------+--------------------------------------+
; Parameter Name         ; Value          ; Type                                 ;
+------------------------+----------------+--------------------------------------+
; LPM_WIDTHN             ; 12             ; Untyped                              ;
; LPM_WIDTHD             ; 7              ; Untyped                              ;
; LPM_NREPRESENTATION    ; UNSIGNED       ; Untyped                              ;
; LPM_DREPRESENTATION    ; UNSIGNED       ; Untyped                              ;
; LPM_PIPELINE           ; 0              ; Untyped                              ;
; LPM_REMAINDERPOSITIVE  ; TRUE           ; Untyped                              ;
; MAXIMIZE_SPEED         ; 5              ; Untyped                              ;
; CBXI_PARAMETER         ; lpm_divide_r9m ; Untyped                              ;
; CARRY_CHAIN            ; MANUAL         ; Untyped                              ;
; OPTIMIZE_FOR_SPEED     ; 5              ; Untyped                              ;
; AUTO_CARRY_CHAINS      ; ON             ; AUTO_CARRY                           ;
; IGNORE_CARRY_BUFFERS   ; OFF            ; IGNORE_CARRY                         ;
; AUTO_CASCADE_CHAINS    ; ON             ; AUTO_CASCADE                         ;
; IGNORE_CASCADE_BUFFERS ; OFF            ; IGNORE_CASCADE                       ;
+------------------------+----------------+--------------------------------------+
Note: In order to hide this table in the UI and the text report file, please set the "Show Parameter Settings in Synthesis Report" option in "Analysis and Synthesis Settings -> More Settings" to "Off".


+--------------------------------------------------------+
; lpm_mult Parameter Settings by Entity Instance         ;
+---------------------------------------+----------------+
; Name                                  ; Value          ;
+---------------------------------------+----------------+
; Number of entity instances            ; 2              ;
; Entity Instance                       ; lpm_mult:Mult1 ;
;     -- LPM_WIDTHA                     ; 6              ;
;     -- LPM_WIDTHB                     ; 5              ;
;     -- LPM_WIDTHP                     ; 11             ;
;     -- LPM_REPRESENTATION             ; UNSIGNED       ;
;     -- INPUT_A_IS_CONSTANT            ; NO             ;
;     -- INPUT_B_IS_CONSTANT            ; YES            ;
;     -- USE_EAB                        ; OFF            ;
;     -- DEDICATED_MULTIPLIER_CIRCUITRY ; AUTO           ;
;     -- INPUT_A_FIXED_VALUE            ; Bx             ;
;     -- INPUT_B_FIXED_VALUE            ; Bx             ;
; Entity Instance                       ; lpm_mult:Mult0 ;
;     -- LPM_WIDTHA                     ; 6              ;
;     -- LPM_WIDTHB                     ; 6              ;
;     -- LPM_WIDTHP                     ; 12             ;
;     -- LPM_REPRESENTATION             ; UNSIGNED       ;
;     -- INPUT_A_IS_CONSTANT            ; NO             ;
;     -- INPUT_B_IS_CONSTANT            ; YES            ;
;     -- USE_EAB                        ; OFF            ;
;     -- DEDICATED_MULTIPLIER_CIRCUITRY ; AUTO           ;
;     -- INPUT_A_FIXED_VALUE            ; Bx             ;
;     -- INPUT_B_FIXED_VALUE            ; Bx             ;
+---------------------------------------+----------------+


+-------------------------------+
; Elapsed Time Per Partition    ;
+----------------+--------------+
; Partition Name ; Elapsed Time ;
+----------------+--------------+
; Top            ; 00:00:01     ;
+----------------+--------------+


+-------------------------------+
; Analysis & Synthesis Messages ;
+-------------------------------+
Info: *******************************************************************
Info: Running Quartus II 64-Bit Analysis & Synthesis
    Info: Version 13.0.0 Build 156 04/24/2013 SJ Full Version
    Info: Processing started: Thu Dec 16 19:30:48 2021
Info: Command: quartus_map --read_settings_files=on --write_settings_files=off EDA2_SellMachine -c EDA2_SellMachine
Info (11104): Parallel Compilation has detected 12 hyper-threaded processors. However, the extra hyper-threaded processors will not be used by default. Parallel Compilation will use 6 of the 6 physical processors detected instead.
Info (12021): Found 1 design units, including 1 entities, in source file sell_machine_2.v
    Info (12023): Found entity 1: sell_machine_2
Info (12021): Found 1 design units, including 1 entities, in source file rebounce.v
    Info (12023): Found entity 1: rebounce
Info (12021): Found 1 design units, including 1 entities, in source file select_seg.v
    Info (12023): Found entity 1: select_seg
Info (12021): Found 1 design units, including 1 entities, in source file debounce.v
    Info (12023): Found entity 1: debounce
Info (12127): Elaborating entity "sell_machine_2" for the top level hierarchy
Warning (10036): Verilog HDL or VHDL warning at sell_machine_2.v(10): object "old_money" assigned a value but never read
Warning (10230): Verilog HDL assignment warning at sell_machine_2.v(82): truncated value with size 32 to match size of target (6)
Warning (10230): Verilog HDL assignment warning at sell_machine_2.v(96): truncated value with size 32 to match size of target (6)
Warning (10230): Verilog HDL assignment warning at sell_machine_2.v(110): truncated value with size 32 to match size of target (6)
Warning (10230): Verilog HDL assignment warning at sell_machine_2.v(244): truncated value with size 32 to match size of target (6)
Warning (10230): Verilog HDL assignment warning at sell_machine_2.v(248): truncated value with size 32 to match size of target (6)
Info (12128): Elaborating entity "debounce" for hierarchy "debounce:de1"
Info (12128): Elaborating entity "select_seg" for hierarchy "select_seg:s1"
Warning (10230): Verilog HDL assignment warning at select_seg.v(17): truncated value with size 12 to match size of target (4)
Warning (10230): Verilog HDL assignment warning at select_seg.v(19): truncated value with size 12 to match size of target (4)
Warning (10230): Verilog HDL assignment warning at select_seg.v(21): truncated value with size 12 to match size of target (4)
Warning (10230): Verilog HDL assignment warning at select_seg.v(24): truncated value with size 4 to match size of target (3)
Warning (10230): Verilog HDL assignment warning at select_seg.v(25): truncated value with size 4 to match size of target (3)
Warning (10230): Verilog HDL assignment warning at select_seg.v(26): truncated value with size 4 to match size of target (3)
Warning (10230): Verilog HDL assignment warning at select_seg.v(29): truncated value with size 32 to match size of target (19)
Info (278001): Inferred 7 megafunctions from design logic
    Info (278003): Inferred multiplier megafunction ("lpm_mult") from the following logic: "Mult1"
    Info (278004): Inferred divider/modulo megafunction ("lpm_divide") from the following logic: "select_seg:s1|Div0"
    Info (278004): Inferred divider/modulo megafunction ("lpm_divide") from the following logic: "select_seg:s1|Mod0"
    Info (278004): Inferred divider/modulo megafunction ("lpm_divide") from the following logic: "select_seg:s1|Div1"
    Info (278003): Inferred multiplier megafunction ("lpm_mult") from the following logic: "Mult0"
    Info (278004): Inferred divider/modulo megafunction ("lpm_divide") from the following logic: "select_seg:s1|Mod2"
    Info (278004): Inferred divider/modulo megafunction ("lpm_divide") from the following logic: "select_seg:s1|Mod1"
Info (12130): Elaborated megafunction instantiation "lpm_mult:Mult1"
Info (12133): Instantiated megafunction "lpm_mult:Mult1" with the following parameter:
    Info (12134): Parameter "LPM_WIDTHA" = "6"
    Info (12134): Parameter "LPM_WIDTHB" = "5"
    Info (12134): Parameter "LPM_WIDTHP" = "11"
    Info (12134): Parameter "LPM_WIDTHR" = "11"
    Info (12134): Parameter "LPM_WIDTHS" = "1"
    Info (12134): Parameter "LPM_REPRESENTATION" = "UNSIGNED"
    Info (12134): Parameter "INPUT_A_IS_CONSTANT" = "NO"
    Info (12134): Parameter "INPUT_B_IS_CONSTANT" = "YES"
    Info (12134): Parameter "MAXIMIZE_SPEED" = "5"
Info (12131): Elaborated megafunction instantiation "lpm_mult:Mult1|multcore:mult_core", which is child of megafunction instantiation "lpm_mult:Mult1"
Info (12131): Elaborated megafunction instantiation "lpm_mult:Mult1|multcore:mult_core|mpar_add:padder", which is child of megafunction instantiation "lpm_mult:Mult1"
Info (12131): Elaborated megafunction instantiation "lpm_mult:Mult1|multcore:mult_core|mpar_add:padder|lpm_add_sub:adder[0]", which is child of megafunction instantiation "lpm_mult:Mult1"
Info (12021): Found 1 design units, including 1 entities, in source file db/add_sub_2eh.tdf
    Info (12023): Found entity 1: add_sub_2eh
Info (12131): Elaborated megafunction instantiation "lpm_mult:Mult1|altshift:external_latency_ffs", which is child of megafunction instantiation "lpm_mult:Mult1"
Info (12130): Elaborated megafunction instantiation "select_seg:s1|lpm_divide:Div0"
Info (12133): Instantiated megafunction "select_seg:s1|lpm_divide:Div0" with the following parameter:
    Info (12134): Parameter "LPM_WIDTHN" = "12"
    Info (12134): Parameter "LPM_WIDTHD" = "7"
    Info (12134): Parameter "LPM_NREPRESENTATION" = "UNSIGNED"
    Info (12134): Parameter "LPM_DREPRESENTATION" = "UNSIGNED"
Info (12021): Found 1 design units, including 1 entities, in source file db/lpm_divide_ohm.tdf
    Info (12023): Found entity 1: lpm_divide_ohm
Info (12021): Found 1 design units, including 1 entities, in source file db/sign_div_unsign_plh.tdf
    Info (12023): Found entity 1: sign_div_unsign_plh
Info (12021): Found 1 design units, including 1 entities, in source file db/alt_u_div_t5f.tdf
    Info (12023): Found entity 1: alt_u_div_t5f
Info (12021): Found 1 design units, including 1 entities, in source file db/add_sub_unc.tdf
    Info (12023): Found entity 1: add_sub_unc
Info (12021): Found 1 design units, including 1 entities, in source file db/add_sub_vnc.tdf
    Info (12023): Found entity 1: add_sub_vnc
Info (12130): Elaborated megafunction instantiation "select_seg:s1|lpm_divide:Mod0"
Info (12133): Instantiated megafunction "select_seg:s1|lpm_divide:Mod0" with the following parameter:
    Info (12134): Parameter "LPM_WIDTHN" = "12"
    Info (12134): Parameter "LPM_WIDTHD" = "4"
    Info (12134): Parameter "LPM_NREPRESENTATION" = "UNSIGNED"
    Info (12134): Parameter "LPM_DREPRESENTATION" = "UNSIGNED"
Info (12021): Found 1 design units, including 1 entities, in source file db/lpm_divide_o9m.tdf
    Info (12023): Found entity 1: lpm_divide_o9m
Info (12021): Found 1 design units, including 1 entities, in source file db/sign_div_unsign_mlh.tdf
    Info (12023): Found entity 1: sign_div_unsign_mlh
Info (12021): Found 1 design units, including 1 entities, in source file db/alt_u_div_n5f.tdf
    Info (12023): Found entity 1: alt_u_div_n5f
Info (12130): Elaborated megafunction instantiation "select_seg:s1|lpm_divide:Div1"
Info (12133): Instantiated megafunction "select_seg:s1|lpm_divide:Div1" with the following parameter:
    Info (12134): Parameter "LPM_WIDTHN" = "12"
    Info (12134): Parameter "LPM_WIDTHD" = "4"
    Info (12134): Parameter "LPM_NREPRESENTATION" = "UNSIGNED"
    Info (12134): Parameter "LPM_DREPRESENTATION" = "UNSIGNED"
Info (12021): Found 1 design units, including 1 entities, in source file db/lpm_divide_lhm.tdf
    Info (12023): Found entity 1: lpm_divide_lhm
Info (12130): Elaborated megafunction instantiation "lpm_mult:Mult0"
Info (12133): Instantiated megafunction "lpm_mult:Mult0" with the following parameter:
    Info (12134): Parameter "LPM_WIDTHA" = "6"
    Info (12134): Parameter "LPM_WIDTHB" = "6"
    Info (12134): Parameter "LPM_WIDTHP" = "12"
    Info (12134): Parameter "LPM_WIDTHR" = "12"
    Info (12134): Parameter "LPM_WIDTHS" = "1"
    Info (12134): Parameter "LPM_REPRESENTATION" = "UNSIGNED"
    Info (12134): Parameter "INPUT_A_IS_CONSTANT" = "NO"
    Info (12134): Parameter "INPUT_B_IS_CONSTANT" = "YES"
    Info (12134): Parameter "MAXIMIZE_SPEED" = "5"
Info (12131): Elaborated megafunction instantiation "lpm_mult:Mult0|multcore:mult_core", which is child of megafunction instantiation "lpm_mult:Mult0"
Info (12131): Elaborated megafunction instantiation "lpm_mult:Mult0|multcore:mult_core|mpar_add:padder", which is child of megafunction instantiation "lpm_mult:Mult0"
Info (12131): Elaborated megafunction instantiation "lpm_mult:Mult0|multcore:mult_core|mpar_add:padder|lpm_add_sub:adder[0]", which is child of megafunction instantiation "lpm_mult:Mult0"
Info (12021): Found 1 design units, including 1 entities, in source file db/add_sub_afh.tdf
    Info (12023): Found entity 1: add_sub_afh
Info (12131): Elaborated megafunction instantiation "lpm_mult:Mult0|altshift:external_latency_ffs", which is child of megafunction instantiation "lpm_mult:Mult0"
Info (12130): Elaborated megafunction instantiation "select_seg:s1|lpm_divide:Mod2"
Info (12133): Instantiated megafunction "select_seg:s1|lpm_divide:Mod2" with the following parameter:
    Info (12134): Parameter "LPM_WIDTHN" = "12"
    Info (12134): Parameter "LPM_WIDTHD" = "4"
    Info (12134): Parameter "LPM_NREPRESENTATION" = "UNSIGNED"
    Info (12134): Parameter "LPM_DREPRESENTATION" = "UNSIGNED"
Info (12130): Elaborated megafunction instantiation "select_seg:s1|lpm_divide:Mod1"
Info (12133): Instantiated megafunction "select_seg:s1|lpm_divide:Mod1" with the following parameter:
    Info (12134): Parameter "LPM_WIDTHN" = "12"
    Info (12134): Parameter "LPM_WIDTHD" = "7"
    Info (12134): Parameter "LPM_NREPRESENTATION" = "UNSIGNED"
    Info (12134): Parameter "LPM_DREPRESENTATION" = "UNSIGNED"
Info (12021): Found 1 design units, including 1 entities, in source file db/lpm_divide_r9m.tdf
    Info (12023): Found entity 1: lpm_divide_r9m
Info (286030): Timing-Driven Synthesis is running
Info (17049): 4 registers lost all their fanouts during netlist optimizations.
Info (17016): Found the following redundant logic cells in design
    Info (17048): Logic cell "select_seg:s1|lpm_divide:Mod0|lpm_divide_o9m:auto_generated|sign_div_unsign_mlh:divider|alt_u_div_n5f:divider|add_sub_9_result_int[0]~10"
    Info (17048): Logic cell "select_seg:s1|lpm_divide:Mod0|lpm_divide_o9m:auto_generated|sign_div_unsign_mlh:divider|alt_u_div_n5f:divider|add_sub_10_result_int[0]~10"
Info (16010): Generating hard_block partition "hard_block:auto_generated_inst"
    Info (16011): Adding 0 node(s), including 0 DDIO, 0 PLL, 0 transceiver and 0 LCELL
Info (21057): Implemented 757 device resources after synthesis - the final resource count might be different
    Info (21058): Implemented 8 input pins
    Info (21059): Implemented 13 output pins
    Info (21061): Implemented 736 logic cells
Info: Quartus II 64-Bit Analysis & Synthesis was successful. 0 errors, 13 warnings
    Info: Peak virtual memory: 4641 megabytes
    Info: Processing ended: Thu Dec 16 19:30:50 2021
    Info: Elapsed time: 00:00:02
    Info: Total CPU time (on all processors): 00:00:02


